\BOOKMARK [1][-]{section.1}{\376\377\116\072\116\300\116\110\227\000\211\201\000\040\000R\000T\000O\000S}{}% 1
\BOOKMARK [1][-]{section.2}{\376\377\150\070\137\303\151\202\137\365}{}% 2
\BOOKMARK [2][-]{subsection.2.1}{\376\377\116\373\122\241}{section.2}% 3
\BOOKMARK [2][-]{subsection.2.2}{\376\377\214\003\136\246\126\150}{section.2}% 4
\BOOKMARK [2][-]{subsection.2.3}{\376\377\000T\000i\000c\000k}{section.2}% 5
\BOOKMARK [2][-]{subsection.2.4}{\376\377\116\373\122\241\162\266\140\001}{section.2}% 6
\BOOKMARK [1][-]{section.3}{\376\377\122\033\136\372\117\140\166\204\173\054\116\000\116\052\116\373\122\241}{}% 7
\BOOKMARK [1][-]{section.4}{\376\377\136\366\145\366\116\016\124\150\147\037\116\373\122\241}{}% 8
\BOOKMARK [2][-]{subsection.4.1}{\376\377\166\370\133\371\136\366\145\366}{section.4}% 9
\BOOKMARK [2][-]{subsection.4.2}{\376\377\176\335\133\371\124\150\147\037\136\366\145\366}{section.4}% 10
\BOOKMARK [1][-]{section.5}{\376\377\226\037\122\027}{}% 11
\BOOKMARK [2][-]{subsection.5.1}{\376\377\122\033\136\372\226\037\122\027}{section.5}% 12
\BOOKMARK [2][-]{subsection.5.2}{\376\377\123\321\220\001\124\214\143\245\145\066}{section.5}% 13
\BOOKMARK [1][-]{section.6}{\376\377\117\341\123\367\221\317\116\016\116\222\145\245\221\317}{}% 14
\BOOKMARK [2][-]{subsection.6.1}{\376\377\116\214\120\074\117\341\123\367\221\317}{section.6}% 15
\BOOKMARK [2][-]{subsection.6.2}{\376\377\213\241\145\160\117\341\123\367\221\317}{section.6}% 16
\BOOKMARK [2][-]{subsection.6.3}{\376\377\116\222\145\245\221\317}{section.6}% 17
\BOOKMARK [1][-]{section.7}{\376\377\116\213\116\366\176\304}{}% 18
\BOOKMARK [1][-]{section.8}{\376\377\116\373\122\241\220\032\167\345}{}% 19
\BOOKMARK [1][-]{section.9}{\376\377\217\157\116\366\133\232\145\366\126\150}{}% 20
\BOOKMARK [1][-]{section.10}{\376\377\116\055\145\255\116\016\000\040\000F\000r\000e\000e\000R\000T\000O\000S}{}% 21
\BOOKMARK [1][-]{section.11}{\376\377\136\070\165\050\221\115\177\156\230\171}{}% 22
\BOOKMARK [1][-]{section.12}{\376\377\121\205\133\130\173\241\164\006}{}% 23
\BOOKMARK [1][-]{section.13}{\376\377\136\070\211\301\225\356\230\230\116\016\143\222\147\345}{}% 24
\BOOKMARK [2][-]{subsection.13.1}{\376\377\150\010\156\242\121\372}{section.13}% 25
\BOOKMARK [2][-]{subsection.13.2}{\376\377\117\030\121\110\176\247\123\315\217\154}{section.13}% 26
\BOOKMARK [2][-]{subsection.13.3}{\376\377\153\173\225\001}{section.13}% 27
\BOOKMARK [2][-]{subsection.13.4}{\376\377\116\055\145\255\116\055\214\003\165\050\225\031\213\357\000\040\000A\000P\000I}{section.13}% 28
\BOOKMARK [2][-]{subsection.13.5}{\376\377\121\205\133\130\170\216\162\107}{section.13}% 29
\BOOKMARK [1][-]{section.14}{\376\377\145\260\142\113\133\146\116\140\215\357\176\277}{}% 30
\BOOKMARK [2][-]{subsection.14.1}{\376\377\121\110\142\123\131\175\127\372\170\100}{section.14}% 31
\BOOKMARK [2][-]{subsection.14.2}{\376\377\121\215\120\132\134\017\133\236\232\214}{section.14}% 32
\BOOKMARK [2][-]{subsection.14.3}{\376\377\133\214\142\020\116\000\116\052\133\214\145\164\230\171\166\356}{section.14}% 33
\BOOKMARK [1][-]{section.15}{\376\377\133\146\116\140\150\300\147\345\156\005\123\125}{}% 34
\BOOKMARK [1][-]{section.16}{\376\377\140\073\176\323}{}% 35
